Microsoft Windows [Versión 10.0.26100.6584]
(c) Microsoft Corporation. Todos los derechos reservados.

C:\Users\alex_>mysqlsh
MySQL Shell 8.0.43

Copyright (c) 2016, 2025, Oracle and/or its affiliates.
Oracle is a registered trademark of Oracle Corporation and/or its affiliates.
Other names may be trademarks of their respective owners.

Type '\help' or '\?' for help; '\quit' to exit.
 MySQL  JS > \sql
Switching to SQL mode... Commands end with ;
 MySQL  SQL > \connect --mc root@localhost
Creating a Classic session to 'root@localhost'
Fetching global names for auto-completion... Press ^C to stop.
Your MySQL connection id is 8
Server version: 8.0.43 MySQL Community Server - GPL
No default schema selected; type \use <schema> to set one.
 MySQL  localhost:3306 ssl  SQL > use tbd1;
Default schema set to `tbd1`.
Fetching global names, object names from `tbd1` for auto-completion... Press ^C to stop.
 MySQL  localhost:3306 ssl  tbd1  SQL > show databases;
+--------------------+
| Database           |
+--------------------+
| credit_cards       |
| information_schema |
| mysql              |
| performance_schema |
| sakila             |
| sys                |
| tbd1               |
| world              |
+--------------------+
8 rows in set (0.0015 sec)
 MySQL  localhost:3306 ssl  tbd1  SQL > show tables;
+----------------+
| Tables_in_tbd1 |
+----------------+
| cliente        |
| cliente_datos  |
| cursos         |
| cust           |
| customer       |
| docente        |
| employee_job   |
| employees      |
| ficha          |
| jobs           |
| orders         |
| persona        |
| playeras       |
| prof           |
| state          |
| student        |
| students       |
+----------------+
17 rows in set (0.0046 sec)
 MySQL  localhost:3306 ssl  tbd1  SQL > create database tbd2;
Query OK, 1 row affected (0.0060 sec)
 MySQL  localhost:3306 ssl  tbd1  SQL > use tbd2;
Default schema set to `tbd2`.
Fetching global names, object names from `tbd2` for auto-completion... Press ^C to stop.
 MySQL  localhost:3306 ssl  tbd2  SQL > show tables;
Empty set (0.0017 sec)
 MySQL  localhost:3306 ssl  tbd2  SQL > create table cliente(id
                                     -> _cliente int not null auto_increment key, nombre varchar (50), rfc varchar(50);
ERROR: 1064 (42000): You have an error in your SQL syntax; check the manual that corresponds to your MySQL server version for the right syntax to use near '_cliente int not null auto_increment key, nombre varchar (50), rfc varchar(50)' at line 2
 MySQL  localhost:3306 ssl  tbd2  SQL > create table cliente(id_cliente int not null auto_increment key, nombre varchar (50), rfc varchar(50);
ERROR: 1064 (42000): You have an error in your SQL syntax; check the manual that corresponds to your MySQL server version for the right syntax to use near '' at line 1
 MySQL  localhost:3306 ssl  tbd2  SQL > create table cliente(id_cliente int not null auto_increment key, nombre varchar (50), rfc varchar(50));
Query OK, 0 rows affected (0.0189 sec)
 MySQL  localhost:3306 ssl  tbd2  SQL > insert into clientes (nombre, rfc) values ('pedro,'rfaiif39'),('juan','auefub38'),('rodolfo','egn939');
                                     '>
                                     '>
                                     '> ;
                                     '>
                                     '>
                                     '>
                                     '>
                                     '> ';
ERROR: 1064 (42000): You have an error in your SQL syntax; check the manual that corresponds to your MySQL server version for the right syntax to use near 'rfaiif39'),('juan','auefub38'),('rodolfo','egn939');


;




'' at line 1
 MySQL  localhost:3306 ssl  tbd2  SQL > insert into clientes (nombre, rfc) values ('pedro,'rfaiif39'),('juan','auefub38'),('rodolfo','egn939');
                                     '> ';
ERROR: 1064 (42000): You have an error in your SQL syntax; check the manual that corresponds to your MySQL server version for the right syntax to use near 'rfaiif39'),('juan','auefub38'),('rodolfo','egn939');
'' at line 1
 MySQL  localhost:3306 ssl  tbd2  SQL > insert into clientes (nombre, rfc) values ('pedro,'rfaiif39'),('juan','auefub38'),('rodolfo','egn939');
                                     '> ';
ERROR: 1064 (42000): You have an error in your SQL syntax; check the manual that corresponds to your MySQL server version for the right syntax to use near 'rfaiif39'),('juan','auefub38'),('rodolfo','egn939');
'' at line 1
 MySQL  localhost:3306 ssl  tbd2  SQL > insert into cliente (nombre, rfc) values ('pedro,'rfaiif39'),('juan','auefub38'),('rodolfo','egn939');
                                     '> ';
ERROR: 1064 (42000): You have an error in your SQL syntax; check the manual that corresponds to your MySQL server version for the right syntax to use near 'rfaiif39'),('juan','auefub38'),('rodolfo','egn939');
'' at line 1
 MySQL  localhost:3306 ssl  tbd2  SQL > insert into cliente (nombre, rfc) values ('pedro,'rfaiif39'),('juan','auefub38'),('rodolfo','egn939')
                                     '>
                                     '>
                                     '>
                                     '> ';
ERROR: 1064 (42000): You have an error in your SQL syntax; check the manual that corresponds to your MySQL server version for the right syntax to use near 'rfaiif39'),('juan','auefub38'),('rodolfo','egn939')



'' at line 1
 MySQL  localhost:3306 ssl  tbd2  SQL > insert into cliente (nombre, rfc) values ('pedro','rfaiif39'),('juan','auefub38'),('rodolfo','egn939');
Query OK, 3 rows affected (0.0083 sec)

Records: 3  Duplicates: 0  Warnings: 0
 MySQL  localhost:3306 ssl  tbd2  SQL > create table ventas(
                                     -> idventa int not null auto_increment key,
                                     -> fecha date not null,
                                     -> id_cliente int not null,
                                     -> foreing key(id_cliente) references cliente(id_cliente);
ERROR: 1064 (42000): You have an error in your SQL syntax; check the manual that corresponds to your MySQL server version for the right syntax to use near 'key(id_cliente) references cliente(id_cliente)' at line 5
 MySQL  localhost:3306 ssl  tbd2  SQL > create table ventas( idventa int not null auto_increment key, fecha date not null, id_cliente int not null, foreing key(id_cliente) references cliente(id_cliente));
ERROR: 1064 (42000): You have an error in your SQL syntax; check the manual that corresponds to your MySQL server version for the right syntax to use near 'key(id_cliente) references cliente(id_cliente))' at line 1
 MySQL  localhost:3306 ssl  tbd2  SQL > create table ventas( idventa int not null auto_increment key, fecha date not null, id_cliente int not null, foreing key (id_cliente) references cliente(id_cliente));
ERROR: 1064 (42000): You have an error in your SQL syntax; check the manual that corresponds to your MySQL server version for the right syntax to use near 'key (id_cliente) references cliente(id_cliente))' at line 1
 MySQL  localhost:3306 ssl  tbd2  SQL > create table ventas( idventa int not null auto_increment key, fecha date not null, id_cliente int not null, foreign key (id_cliente) references cliente(id_cliente));
Query OK, 0 rows affected (0.0446 sec)
 MySQL  localhost:3306 ssl  tbd2  SQL > insert into ventas(fecha,id_cliente) value('2005-12-05', 5);
ERROR: 1452 (23000): Cannot add or update a child row: a foreign key constraint fails (`tbd2`.`ventas`, CONSTRAINT `ventas_ibfk_1` FOREIGN KEY (`id_cliente`) REFERENCES `cliente` (`id_cliente`))
 MySQL  localhost:3306 ssl  tbd2  SQL > drop from cliente where id_cliente = 1;
ERROR: 1064 (42000): You have an error in your SQL syntax; check the manual that corresponds to your MySQL server version for the right syntax to use near 'from cliente where id_cliente = 1' at line 1
 MySQL  localhost:3306 ssl  tbd2  SQL > delete from cliente where id_cliente = 1;
Query OK, 1 row affected (0.0082 sec)
 MySQL  localhost:3306 ssl  tbd2  SQL > alter table venta drop constraint venta_ibfk_1;
ERROR: 1146 (42S02): Table 'tbd2.venta' doesn't exist
 MySQL  localhost:3306 ssl  tbd2  SQL > alter table ventas drop constraint venta_ibfk_1;
ERROR: 3940 (HY000): Constraint 'venta_ibfk_1' does not exist.
 MySQL  localhost:3306 ssl  tbd2  SQL > alter table ventas drop constraint ventas_ibfk_1;
Query OK, 0 rows affected (0.0135 sec)

Records: 0  Duplicates: 0  Warnings: 0
 MySQL  localhost:3306 ssl  tbd2  SQL > show create table ventas;
+--------+-------------------------------------------------------------------------------------------------------------------------------------------------------------------------------------------------------------------------------------------------------------------------+
| Table  | Create Table                                                                                                                                                                                                                                                            |
+--------+-------------------------------------------------------------------------------------------------------------------------------------------------------------------------------------------------------------------------------------------------------------------------+
| ventas | CREATE TABLE `ventas` (
  `idventa` int NOT NULL AUTO_INCREMENT,
  `fecha` date NOT NULL,
  `id_cliente` int NOT NULL,
  PRIMARY KEY (`idventa`),
  KEY `id_cliente` (`id_cliente`)
) ENGINE=InnoDB AUTO_INCREMENT=2 DEFAULT CHARSET=utf8mb4 COLLATE=utf8mb4_0900_ai_ci |
+--------+-------------------------------------------------------------------------------------------------------------------------------------------------------------------------------------------------------------------------------------------------------------------------+
1 row in set (0.0008 sec)
 MySQL  localhost:3306 ssl  tbd2  SQL > create table producto(idproducto int not null auto_increment key, nombre varchar(50) not null, precio decimal (8,2) not null);
Query OK, 0 rows affected (0.0176 sec)
 MySQL  localhost:3306 ssl  tbd2  SQL > insert into producto(nombre, precio) values ('celular',1000.0),('tv',1200.00),('laptop',34992.00);
Query OK, 3 rows affected (0.0088 sec)

Records: 3  Duplicates: 0  Warnings: 0
 MySQL  localhost:3306 ssl  tbd2  SQL > create table ventadetalle(idventadetalle int not null auto_increment key,idventa int not null, idproducto int not null, cantidad int, foreign key(idventa) references ventas(idventa), foreing key(idproductos) references producto(idproducto));
ERROR: 1064 (42000): You have an error in your SQL syntax; check the manual that corresponds to your MySQL server version for the right syntax to use near 'key(idproductos) references producto(idproducto))' at line 1
 MySQL  localhost:3306 ssl  tbd2  SQL > create table ventadetalle(idventadetalle int not null auto_increment key,idventa int not null, idproducto int not null, cantidad int, foreign key(idventa) references ventas(idventa), foreign key(idproductos) references producto(idproducto));
ERROR: 1072 (42000): Key column 'idproductos' doesn't exist in table
 MySQL  localhost:3306 ssl  tbd2  SQL > create table ventadetalle(idventadetalle int not null auto_increment key,idventa int not null, idproducto int not null, cantidad int, foreign key(idventa) references ventas(idventa), foreign key(idproducto) references producto(idproducto));
Query OK, 0 rows affected (0.0796 sec)
 MySQL  localhost:3306 ssl  tbd2  SQL >